2026-05-15T13:31:28 update: added /SauceOnly - jayo - worst case scenario (Lyrics).mp3
2026-05-15T13:31:28 update: added /phendste - love life.mp3
2026-05-15T13:31:28 update: added /i_d drink the rain(MP3_160K).mp3
2026-05-15T13:31:28 update: added /Bryant Barnes - End Of Time (Lyric Video)(MP3_160K).mp3
2026-05-15T13:31:28 update: added /Alfie Castley - Cold.mp3
2026-05-15T13:31:28 ffmpeg/mov,mp4,m4a,3gp,3g2,mj2: Unknown cover type: 0x1.
2026-05-15T13:31:28 update: added /EMIN feat. JONY - КАМИН(M4A_128K).m4a
2026-05-15T13:31:28 update: added /NA - The Marías - No One Noticed (Visualizer).mp3
2026-05-15T13:31:28 update: added /Billie Eilish - all the good girls go to hell(MP3_160K).mp3
2026-05-15T13:31:28 update: added /AnathemaMusic - Flying (Remastered).mp3
2026-05-15T13:31:28 update: added /『我慢するのに疲れた日も』_Shiori_Shinomiya_【Official_Music_Video】_NokXQrdCZRY.mp3
2026-05-15T13:31:28 update: added /d4vd - My House is Not A Home (Live Performance) _ Vevo(MP3_160K).mp3
2026-05-15T13:31:28 update: added /TINY 7, 科福KOV - BLUE BLUE (蓝蓝).mp3
2026-05-15T13:31:28 update: added /Arctic Monkeys - I Wanna Be Yours.mp3
2026-05-15T13:31:28 update: added /NA - Instupendo - Comfort Chain.mp3
2026-05-15T13:31:28 update: added /NA - d4vd - Here With Me [Official Music Video].mp3
2026-05-15T13:31:28 update: added /Chris Brown - Chris Brown - Under The Influence (Audio).mp3
2026-05-15T13:31:28 update: added /Pryme - Pryme - U [Official Video].mp3
2026-05-15T13:31:28 update: added /NA - Rocco - hold me, never let go (Official Lyric Video).mp3
2026-05-15T13:31:28 update: added /Naits - Naits - lonely road (Lyric Video).mp3
2026-05-15T13:31:28 update: added /Boyce Avenue - Kiss From A Rose - Seal (Boyce Avenue piano acoustic cover) on Spotify & Apple.mp3
2026-05-15T13:31:28 update: added /Colorit - Mup без тебя.mp3
2026-05-15T13:31:28 ffmpeg/mov,mp4,m4a,3gp,3g2,mj2: Unknown cover type: 0x1.
2026-05-15T13:31:28 update: added /Tokyo_ghoul_Unravel_Anime_Ringtone_free_download_Kaneki_Ringtone.m4a
2026-05-15T13:31:28 update: added /Billie Eilish - What Was I Made For_ (Official Music Video)(MP3_160K).mp3
2026-05-15T13:31:28 update: added /NA - Jay Xan - I aM okay (Official Audio).mp3
2026-05-15T13:31:28 update: added /CASCADA - Everytime We Touch.mp3
2026-05-15T13:31:28 update: added /Zach Templar - desire (official audio).mp3
2026-05-15T13:31:28 update: added /Bryant Barnes - My Everything(MP3_160K).mp3
2026-05-15T13:31:28 update: added /Christopher Larkin - Hollow Knight： Silksong (Original Soundtrack).mp3
2026-05-15T13:31:28 update: added /Carpetman - You Will Never Know It.mp3
2026-05-15T13:31:28 update: added /David Kushner - Daylight (Official Music Video)(MP3_160K).mp3
2026-05-15T13:31:28 update: added /stala6351@rex - He destroyed them 🔥 ｜ Vecna⧸001⧸Henry edit ｜ Stranger Things Edit.mp3
2026-05-15T13:31:28 update: added /JVKE - her.mp3
2026-05-15T13:31:28 update: added /Cigarettes After Sex - Cry.mp3
2026-05-15T13:31:28 update: added /Chris Grey - Chris Grey - LET THE WORLD BURN (Official Lyric Video).mp3
2026-05-15T13:31:28 update: added /Silent Wisdom Weaver - Jay-jay was traumatized when she saw the blood😭#angmutyangsectione #yuri.mp3
2026-05-15T13:31:28 update: added /Minimal Sounds - MGMT - Little Dark Age (Audio).mp3
2026-05-15T13:31:28 update: added /Mark Ambor - Mark Ambor - Good To Be (Official Visualizer).mp3
2026-05-15T13:31:28 update: added /NA - ISSAM - Dancefloor (Official Audio).mp3
2026-05-15T13:31:28 update: added /OfficialOllieMusic - Me & Myself.mp3
2026-05-15T13:31:28 update: added /Chris Brown - Chris Brown, Young Thug - Go Crazy (Audio).mp3
2026-05-15T13:31:28 update: added /Toxi$ - November.mp3
2026-05-15T13:31:28 update: added /The Walters - The Walters -- I Love You So.mp3
2026-05-15T13:31:28 update: added /Sabrina Carpenter - Please Please Please in the Live Lounge(MP3_160K).mp3
2026-05-15T13:31:28 update: added /bxkq - bxkq, PXLWYSE - TE CONOCÍ - Super Slowed (Official Audio).mp3
2026-05-15T13:31:28 update: added /Rilès - Should I (Prod. Rilès)(MP3_160K).mp3
2026-05-15T13:31:28 update: added /ISSAM - Dancefloor Official Audio - YouTube.mp3
2026-05-15T13:31:28 update: added /Sir Chloe - Sir Chloe - Michelle.mp3
2026-05-15T13:31:28 update: added /Iniko - Jericho.mp3
2026-05-15T13:31:28 update: added /🧿Mommy.Delulu's🧿 - Dominic Donner - dancing with a silhouette (Slow+Reverb) Lyrics..mp3
2026-05-15T13:31:28 update: added /Jace June - Jace June - Goodbye My Baby (Official Lyric Video).mp3
2026-05-15T13:31:28 update: added /Alec Benjamin - If We Have Each Other.mp3
2026-05-15T13:31:28 update: added /Bôa - Bôa -  Duvet (Official Video).mp3
2026-05-15T13:31:28 update: added /cape - MONTAGEM RUGADA (Slowed).mp3
2026-05-15T13:31:28 update: added /7clouds - MGMT - Little Dark Age (Lyrics).mp3
2026-05-15T13:31:28 update: added /NA - Bryant Barnes - Is This Love To You.mp3
2026-05-15T13:31:28 update: added /Sabrina Carpenter - Good Luck_ Babe_ (Chappell Roan cover) in the Live Lounge(MP3_160K).mp3
2026-05-15T13:31:28 update: added /Billie Eilish - THE GREATEST (Live from The Late Show with Stephen Colbert_ 2024)(MP3_160K).mp3
2026-05-15T13:31:28 update: added /Rocco - Rocco - l-o-v-e (Official Lyric Video).mp3
2026-05-15T13:31:28 update: added /I Don_t Trust Nobody (Original)(MP3_160K).mp3
2026-05-15T13:31:28 update: added /V.I.N - Reciprocation.mp3
2026-05-15T13:31:28 update: added /MAFIA - MONTAGEM RUGADA.mp3
2026-05-15T13:31:28 ffmpeg/mov,mp4,m4a,3gp,3g2,mj2: Unknown cover type: 0x1.
2026-05-15T13:31:28 update: added /We_Can_t_Stop_Miley_Cyrus_Boyce_Avenue_feat_Bea_Miller_cover_on.m4a
2026-05-15T13:31:28 update: added /NA - Chris Brown, Young Thug - Go Crazy (Official Video).mp3
2026-05-15T13:31:28 update: added /phendste - thin ice.mp3
2026-05-15T13:31:28 update: added /7clouds - Saja Boys - Your Idol (Lyrics) KPop Demon Hunters.mp3
2026-05-15T13:31:28 update: added /cozruna - my flower girl..mp3
2026-05-15T13:31:28 update: added /NA - Vacations - Telephones.mp3
2026-05-15T13:31:28 update: added /Sia - Snowman.mp3
2026-05-15T13:31:28 update: added /Billie Ellish - my strange addiction.mp3
2026-05-15T13:31:28 update: added /澤野弘之 ⧸ SawanoHiroyuki[nZk] - 進撃gt20130218巨人.mp3
2026-05-15T13:31:28 update: added /NA - Crying City - Urn (Official Lyric Video).mp3
2026-05-15T13:31:28 update: added /Tobbyum - Topic - Way Down We Go.mp3
2026-05-15T13:31:28 update: added /Frank Sinatra - The World We Knew (Over And Over).mp3
2026-05-15T13:31:28 update: added /Classic Detective Mysteries - The Hand of Fu-Manchu 🕵️‍♂️💀 ｜ A Classic Detective Mystery 🧠.mp3
2026-05-15T13:31:28 update: added /Chris Grey - LET THE WORLD BURN.mp3
2026-05-15T13:31:28 update: added /d4vd - d4vd - Here With Me (Official Audio).mp3
2026-05-15T13:31:28 update: added /d4vd - Here With Me [Official Music Video](MP3_160K).mp3
2026-05-15T13:31:28 update: added /Em Belhold - Numb Little Bug.mp3
2026-05-15T13:31:28 update: added /David Dean Burkhart - Sitcom - Still Life.mp3
2026-05-15T13:31:28 update: added /Hope(MP3_160K).mp3
2026-05-15T13:31:28 update: added /Bryant Barnes - Bleed Me Slow (Lyric Video)(MP3_160K).mp3
2026-05-15T13:31:28 update: added /Terry Chambless - 09. Our Baby Looks Like the Mailman.mp3
2026-05-15T13:31:28 update: added /jiandro - Jiandro - Confess your love (Audio) ft. ola.wav.mp3
2026-05-15T13:31:28 update: added /Lady Gaga_ Bruno Mars - Die With A Smile (Official Music Video)(MP3_160K).mp3
2026-05-15T13:31:28 update: added /NA - So It Was True (Lyric Video).mp3
2026-05-15T13:31:28 update: added /unhappier. - Diego - Beautiful (Lyrics).mp3
2026-05-15T13:31:28 update: added /UMAY SHAHAB - perayaan mati rasa.mp3
2026-05-15T13:31:28 update: added /BangersOnly - Zleepyfred - Last Leaves of Autumn (Lyrics).mp3
2026-05-15T13:31:28 update: added /Joseph Vincent - Fly Me To The Moon.mp3
2026-05-15T13:31:28 update: added /Billie Eilish - ocean eyes (Official Music Video)(MP3_160K).mp3
2026-05-15T13:31:28 update: added /Soldier's Eyes.mp3
2026-05-15T13:31:28 update: added /Playlist - you can't stop thinking about them.mp3
2026-05-15T13:31:28 update: added /HyperTunes - NO BATIDÃO (Slowed).mp3
2026-05-15T13:31:28 update: added /old songs but it's lofi remix.mp3
2026-05-15T13:31:28 update: added /Rilès - Thank God (Prod. Rilès)(MP3_160K).mp3
2026-05-15T13:31:28 update: added /NA - 채옐 (Yel) - About Last Night...mp3
2026-05-15T13:31:28 update: added /JVKE - JVKE - her (official lyric video).mp3
2026-05-15T13:31:28 update: added /Billie Eilish - Billie Eilish - WILDFLOWER (Official Lyric Video).mp3
2026-05-15T13:31:28 update: added /Shiloh Dynasty - So Low (Lyrics)(MP3_160K).mp3
2026-05-15T13:31:28 update: added /NA - Bryant Barnes - Losing You.mp3
2026-05-15T13:31:28 ffmpeg/mov,mp4,m4a,3gp,3g2,mj2: Unknown cover type: 0x1.
2026-05-15T13:31:28 update: added /Mirrors_Justin_Timberlake_Boyce_Avenue_feat_Fifth_Harmony_cover.m4a
2026-05-15T13:31:28 update: added /Bryant Barnes - I'd Rather Pretend.mp3
2026-05-15T13:31:28 update: added /Billie Eilish - when the party_s over(MP3_160K).mp3
2026-05-15T13:31:28 update: added /Billy Raffoul - Hell or High Water.mp3
2026-05-15T13:31:28 update: added /Gav Oliver - Do You Have This PHOBIA？ 😳.mp3
2026-05-15T13:31:28 update: added /Thomas Law - Topic - Easy (Acoustic).mp3
2026-05-15T13:31:28 update: added /NA - yung kai - do you think you could love me (official lyric video).mp3
2026-05-15T13:31:28 update: added /d4vd - Here With Me.mp3
2026-05-15T13:31:28 update: added /BRYANT BARNES - Bryant Barnes - My Everything.mp3
2026-05-15T13:31:28 update: added /NA - PinkPantheress - Pain.mp3
2026-05-15T13:31:28 update: added /Cry - Cigarettes After Sex(MP3_160K).mp3
2026-05-15T13:31:28 update: added /d4vd - d4vd - Poetic Vulgarity (Official Lyric Video).mp3
2026-05-15T13:31:28 update: added /takamontrel - Fujii Kaze - Shinunoga E-Wa (audio).mp3
2026-05-15T13:31:28 update: added /New West - New West ft. Zeph - Those Eyes (Official Audio).mp3
2026-05-15T13:31:28 update: added /NA - Draganov - 3DABI (Official Music Video, Prod by Draganov X Slimy Fuego).mp3
2026-05-15T13:31:28 update: added /NA - How to lover - TeYo (official unofficial music video).mp3
2026-05-15T13:31:28 update: added /Grenade - Bruno Mars (Boyce Avenue acoustic cover) on Spotify _ Apple(MP3_160K).mp3
2026-05-15T13:31:28 update: added /Jhung - Topic - send me, and goodbye..mp3
2026-05-15T13:31:28 ffmpeg/mov,mp4,m4a,3gp,3g2,mj2: Unknown cover type: 0x1.
2026-05-15T13:31:28 update: added /Kiss_From_A_Rose_Seal_Boyce_Avenue_piano_acoustic_cover_on_Spotify.m4a
2026-05-15T13:31:28 update: added /Billie Eilish - WILDFLOWER (Official Lyric Video)(MP3_160K).mp3
2026-05-15T13:31:28 update: added /Marino - Marino - Im Doing Fine (Official Music Video).mp3
2026-05-15T13:31:28 update: added /Adele - Skyfall (Official Lyric Video)(MP3_160K).mp3
2026-05-15T13:31:28 update: added /Yağış(MP3_160K).mp3
2026-05-15T13:31:28 update: added /BeachHouseVideoZone - Space Song - Beach House (OFFICIAL AUDIO).mp3
2026-05-15T13:31:28 update: added /Marino - Marino - Lust (feat. Alexandria).mp3
2026-05-15T13:31:28 update: added /BRYANT BARNES - Bryant Barnes - Two Sides Of Goodbye (Lyric Video).mp3
2026-05-15T13:31:28 update: added /Crying City - Crying City - Urn (Official Lyric Video).mp3
2026-05-15T13:31:28 update: added /Faouzia - Faouzia - UNETHICAL (Official Music Video).mp3
2026-05-15T13:31:28 update: added /GBP Vuitton - Topic - Where Have You Been.mp3
2026-05-15T13:31:28 update: added /Kalvonix - One Day I'll Be Fine.mp3
2026-05-15T13:31:28 update: added /Samuel Kim, Lorien - I Really Want to Stay at Your House.mp3
2026-05-15T13:31:28 update: added /Jace June - Jace June - The Looking Glass (Official Audio).mp3
2026-05-15T13:31:28 update: added /martoven - martoven - MMM (feat. Djammal) [Prod. By KushT].mp3
2026-05-15T13:31:28 update: added /Alex Warren - Alex Warren - Eternity (Official Audio).mp3
2026-05-15T13:31:28 update: added /Billie Eilish - Happier Than Ever (64th GRAMMY Awards Performance)(MP3_160K).mp3
2026-05-15T13:31:28 update: added /yung kai - yung kai - do you think you could love me (official audio).mp3
2026-05-15T13:31:28 update: added /GAWNE - GAWNE - Outlaw (Official Video).mp3
2026-05-15T13:31:28 update: added /Black Gryph0n - Insane (1920).mp3
2026-05-15T13:31:28 update: added /NA - you're everything - Orlando, Kilu (kiluseyes).mp3
2026-05-15T13:31:28 update: added /SHAED - SHAED x ZAYN - Trampoline (Official Lyric Video).mp3
2026-05-15T13:31:28 update: added /Hazel English - Hazel English - California Dreamin' (Official Audio).mp3
2026-05-15T13:31:28 update: added /Le Sloweur - Daniel Robinson - Heat Waves Acoustic (slowed & reverb).mp3
2026-05-15T13:31:28 update: added /NA - Billy Raffoul - Hell or High Water (Audio ⧸ from Days Gone).mp3
2026-05-15T13:31:28 update: added /Vacations - Telephones.mp3
2026-05-15T13:31:28 update: added /The Neighbourhood - Sweater Weather (Official Video)(MP3_160K).mp3
2026-05-15T13:31:28 update: added /Fujii Kaze - Shinunoga E-Wa.mp3
2026-05-15T13:31:28 update: added /RHINO - Seal - Kiss From A Rose (Official Audio).mp3
2026-05-15T13:31:28 update: added /Jamie Duffy - Jamie Duffy with Sarah Cothran - Solas (Official Lyric Video).mp3
2026-05-15T13:31:28 update: added /Vacations - Young.mp3
2026-05-15T13:31:28 update: added /d4vd - Sleep Well.mp3
2026-05-15T13:31:28 update: added /Kalvonix - Kalvonix- One Day I'll Be Fine (Official Video).mp3
2026-05-15T13:31:28 update: added /Yaqih Mael - Mood.mp3
2026-05-15T13:31:28 update: added /yung kai - yung kai - blue (official audio).mp3
2026-05-15T13:31:28 update: added /NA - DYSTINCT - PRINCESSA ft. Jul (Official Animated Video).mp3
2026-05-15T13:31:28 update: added /The Walters -- I Love You So.mp3
2026-05-15T13:31:28 update: added /Jhung Kim - SEE ME..mp3
2026-05-15T13:31:28 update: added /Cloud Lyrics - mood lofi - ft. salem ilese (Yagih Mael)(Lyrics).mp3
2026-05-15T13:31:28 ffmpeg/mov,mp4,m4a,3gp,3g2,mj2: Unknown cover type: 0x1.
2026-05-15T13:31:28 update: added /Boyce_Avenue_Grenade_Bruno_Mars_Cover_Legendado_BRM4A_128K.m4a
2026-05-15T13:31:28 update: added /d4vd - Romantic Homicide.mp3
2026-05-15T13:31:28 update: added /sagun - sagun - I'll Keep You Safe (feat. Shiloh).mp3
2026-05-15T13:31:28 update: added /NA - Beach House - Space Song.mp3
2026-05-15T13:31:28 ffmpeg/mov,mp4,m4a,3gp,3g2,mj2: Unknown cover type: 0x1.
2026-05-15T13:31:28 update: added /Lu_Runze_Don_t_let_love_fade_away_English_Cover_M4A_128K.m4a
2026-05-15T13:31:28 update: added /澤野弘之 ⧸ SawanoHiroyuki[nZk] - SawanoHiroyuki[nZk]：XAI 『DARK ARIA ＜LV2＞』 Music Video.mp3
2026-05-15T13:31:28 update: added /Emi Ostertag - Back to the Past (Official Audio) Dark Country - Emi Ostertag.mp3
2026-05-15T13:31:28 update: added /Hotel Ugly - Hotel Ugly - is there free breakfast here？ (Official Audio).mp3
2026-05-15T13:31:28 update: added /Lil Peep, XXXTENTACION - Falling Down (Bonus Track).mp3
2026-05-15T13:31:28 update: added /Billie Eilish - bad guy(MP3_160K).mp3
2026-05-15T13:31:28 update: added /New West - Those Eyes.mp3
2026-05-15T13:31:28 update: added /NA - shae, WIMY - Anybody (official music video).mp3
2026-05-15T13:31:28 update: added /Exiles of Eden - Still Here (Even When I'm Not).mp3
2026-05-15T13:31:28 update: added /Jack Savoretti - Soldier's Eyes.mp3
2026-05-15T13:31:28 update: added /NA - Just Valery - Your Love Is My Drug (8Bit Slowed).mp3
2026-05-15T13:31:28 update: added /Billie Eilish - everything i wanted(MP3_160K)_1.mp3
2026-05-15T13:31:28 update: added /Billy Raffoul - Billy Raffoul - Hell or High Water (Audio ⧸ from Days Gone).mp3
2026-05-15T13:31:28 update: added /Carl ：Cries - Topic - Let Me Go.mp3
2026-05-15T13:31:28 update: added /KHB - Alfie Castley - Cold (lyrics).mp3
2026-05-15T13:31:28 update: added /Billie Eilish - LUNCH (Official Music Video)(MP3_160K).mp3
2026-05-15T13:31:28 update: added /Grover Washington, Jr. - Just the Two of Us.mp3
2026-05-15T13:31:28 update: added /NA - d4vd - Romantic Homicide.mp3
2026-05-15T13:31:28 update: added /phendste - shoes.mp3
2026-05-15T13:31:28 update: added /NA - JVKE - her (official lyric video).mp3
2026-05-15T13:31:28 update: added /10 LABEL - YUJI KONDO - 'Linger' ｜ Official Audio.mp3
2026-05-15T13:31:28 update: added /NA - Breezee - Feel (Official Music Video).mp3
2026-05-15T13:31:28 update: added /Sword Demon Love Song Act 2 - Instrumen Only.mp3
2026-05-15T13:31:28 update: added /densethermite - Lipstick (Slowed & Reverbed) Thumbnail Fix - BurnedSam.mp3
2026-05-15T13:31:28 update: added /NA - MGMT - Little Dark Age (Official Video).mp3
2026-05-15T13:31:28 update: added /Chris Grey, Allegra Jordyn - BRING ME BACK TO LIFE.mp3
2026-05-15T13:31:28 update: added /Billie Eilish - idontwannabeyouanymore (Official Vertical Video)(MP3_160K).mp3
2026-05-15T13:31:28 update: added /NA - JAY-Z - Run This Town (Lyrics) ft. Rihanna, Kanye West.mp3
2026-05-15T13:31:28 update: added /Lost Panda - Hotel Ugly - Shut Up My Moms Calling (Lyrics).mp3
2026-05-15T13:31:28 update: added /phendste - Do you？.mp3
2026-05-15T13:31:28 update: added /Mark Ambor - Good To Be.mp3
2026-05-15T13:31:28 update: added /Aesthetic Wizz - Die With A Smile - Slowed.mp3
2026-05-15T13:31:28 update: added /Music Madness Official - GAWNE - Rescue Me (Official Music Video).mp3
2026-05-15T13:31:28 update: added /Teyo - Topic - How to Lover.mp3
2026-05-15T13:31:28 update: added /One Direction - Night Changes.mp3
2026-05-15T13:31:28 update: added /Mulaa Joans 💫 - Members Only.mp3
2026-05-15T13:31:28 update: added /NXCRE - NXCRE & The Villains - SALVATION (Official Audio).mp3
2026-05-15T13:31:28 update: added /Sainté  - Hunnids.mp3
2026-05-15T13:31:28 update: added /Minimal Sounds - The Marías - No One Noticed.mp3
2026-05-15T13:31:28 update: added /NA - desire (official video).mp3
2026-05-15T13:31:28 update: added /Last Leaves of Autumn [-KIVtP0fjEg].mp3
2026-05-15T13:31:28 update: added /Breezee - Breezee - Feel (Official Music Video).mp3
2026-05-15T13:31:28 update: added /NA - Bryant Barnes - Universe.mp3
2026-05-15T13:31:28 update: added /Billie Eilish - Happier Than Ever (Official Music Video)(MP3_160K).mp3
2026-05-15T13:31:28 update: added /💽old songs but it's lofi remix ｜ Back Hits of 1950s - 2000s💗Oldies songs lofi remix 📻Lofi Chill.mp3
2026-05-15T13:31:28 update: added /djshadow - Six Days (Remix).mp3
2026-05-15T13:31:28 update: added /NA - Chris Brown - Under The Influence (Official Video).mp3
2026-05-15T13:31:28 update: added /Hesitations(MP3_160K).mp3
2026-05-15T13:31:28 update: added /Bryant Barnes - Give Me A Sign(MP3_160K).mp3
2026-05-15T13:31:28 update: added /NA - jayo - worst case scenario (Official Music Video).mp3
2026-05-15T13:31:28 update: added /coldrain - VENGEANCE (Official Music Video) [JUHgTYLyYuc].mp3
2026-05-15T13:31:28 update: added /Bryant Barnes - Want You All The Time(MP3_160K).mp3
2026-05-15T13:31:28 update: added /Chill Taste - Shiloh Dynasty - Novocaine (Lyrics).mp3
2026-05-15T13:31:28 update: added /NA - d4vd - You and I [Official Lyric Video].mp3
2026-05-15T13:31:28 update: added /Rocco - Every Kind Of Way.mp3
2026-05-15T13:31:28 update: added /girl in red - we fell in love in october.mp3
2026-05-15T13:31:28 ffmpeg/mov,mp4,m4a,3gp,3g2,mj2: Unknown cover type: 0x1.
2026-05-15T13:31:28 update: added /gnash_i_hate_u_i_love_u_Lyrics_ft_Olivia_o_brienM4A_128K.m4a
2026-05-15T13:31:28 update: added /Akeboshi - Topic - Wind.mp3
2026-05-15T13:31:28 update: added /Vevo - The Hanging Tree’ James Newton Howard ft. Jennifer Lawrence (Official Audio).mp3
2026-05-15T13:31:28 update: added /Ash - PARASYTE _ next to you anime version.mp3
2026-05-15T13:31:28 update: added /shae - Topic - Anybody.mp3
2026-05-15T13:31:28 update: added /HOTEL UGLY - SHUT UP MY MOMS CALLING.mp3
2026-05-15T13:31:28 update: added /UMUSIC - UMUSIC, Elgrandetoto - Niya (Ft. Nahir) ｜ [Official Audio].mp3
2026-05-15T13:31:28 update: added /TobyMac - TobyMac - Made To Love (Lyric Video).mp3
2026-05-15T13:31:28 update: added /NA - Streetlights (What Did I Do？) - [Official Lyric Video].mp3
2026-05-15T13:31:28 update: added /Lady Gaga, Bruno Mars - Die With A Smile.mp3
2026-05-15T13:31:28 update: added /NA - UMUSIC, Elgrandetoto - Niya (Ft. Nahir) ｜ [Official Audio].mp3
2026-05-15T13:31:28 update: added /The Acoustic Room - Maroon 5 - Memories (Acoustic Cover) by Bobby Brinker.mp3
2026-05-15T13:31:28 update: added /Rilès - 1000 REASONS(MP3_160K).mp3
2026-05-15T13:31:28 update: added /Nianyii - A Day in the Sun.mp3
2026-05-15T13:31:28 update: added /NA - Hotel Ugly - is there free breakfast here？ (Official Audio).mp3
2026-05-15T13:31:28 update: added /Carpetman - Carpetman – You Will Never Know it.mp3
2026-05-15T13:31:28 update: added /Bazanji - Bazanji - LEVEL UP (Official Audio).mp3
2026-05-15T13:31:28 update: added /NA - d4vd - There Goes My Baby (Official Lyric Video).mp3
2026-05-15T13:31:28 update: added /Marino - I Can't Fit In.mp3
2026-05-15T13:31:28 update: added /ISSAM - Rai Machi Punk Official Audio - YouTube.mp3
2026-05-15T13:31:28 update: added /BallerD Beats - ITACHI.mp3
2026-05-15T13:31:28 ffmpeg/lrc: Format lrc detected only with low score of 5, misdetection possible!
2026-05-15T13:31:28 update: added /Kiss From A Rose - Seal (Boyce Avenue piano acoustic cover) on Spotify _ Apple(MP3_160K).mp3
2026-05-15T13:31:28 update: added /Faouzia - Faouzia - DESERT ROSE (Official Audio).mp3
2026-05-15T13:31:28 update: added /YOUMUSIC - Bee Gees - Staying Alive (Audio).mp3
2026-05-15T13:31:28 update: added /아틀란티스의 팝송채널 - 🌌새벽에 들으면 무너지는 노래🌌： Orlando, Kilu - you're everything (2024) [가사해석⧸번역⧸자막].mp3
2026-05-15T13:31:28 ffmpeg/mov,mp4,m4a,3gp,3g2,mj2: Unknown cover type: 0x1.
2026-05-15T13:31:28 update: added /Billie Eilish - Six Feet Under (Lyrics)(M4A_128K).m4a
2026-05-15T13:31:28 update: added /Alex Warren - Eternity.mp3
2026-05-15T13:31:28 update: added /MXZI - MXZI & DJ YUKU - WAIT FOR ME (OFFICIAL VISUALISER).mp3
2026-05-15T13:31:28 update: added /Ice Cube ⧸ Cubevision - It Was A Good Day.mp3
2026-05-15T13:31:28 update: added /Bryant Barnes - Is This Love To You(MP3_160K).mp3
2026-05-15T13:31:28 update: added /Lady Gaga - Lady Gaga, Bruno Mars - Die With A Smile (Audio).mp3
2026-05-15T13:31:28 ffmpeg/lrc: Format lrc detected only with low score of 5, misdetection possible!
2026-05-15T13:31:28 update: added /NewMedicineRock - New Medicine - Take Me Away - Official Lyric Video.mp3
2026-05-15T13:31:28 update: added /chiabiee - chiabiee - wyd (live acoustic).mp3
2026-05-15T13:31:28 update: added /Independent Lemon - Topic - Outside (David Laid Version - Slowed & Reverb).mp3
2026-05-15T13:31:28 update: added /Faouzia - Faouzia & John Legend - Minefields (Official Audio).mp3
2026-05-15T13:31:28 update: added /Bryant Barnes - Losing You(MP3_160K).mp3
2026-05-15T13:31:28 update: added /NA - New West - Those Eyes (Home Session).mp3
2026-05-15T13:31:28 update: added /Minimal Sounds - bôa - Duvet.mp3
2026-05-15T13:31:28 update: added /Lord Huron - Lord Huron - The Night We Met (Official Audio).mp3
2026-05-15T13:31:28 update: added /Avalon Music - DYSTINCT - PRINCESSA ft. Jul (Official Animated Video).mp3
2026-05-15T13:31:28 update: added /NA - grentperez & Lyn Lapid - Room For You (Official Video).mp3
2026-05-15T13:31:28 update: added /BRYANT BARNES - Bryant Barnes - Give Me A Sign.mp3
2026-05-15T13:31:28 ffmpeg/mov,mp4,m4a,3gp,3g2,mj2: Unknown cover type: 0x1.
2026-05-15T13:31:28 update: added /盧潤澤_別讓愛凋落_Lu_Runze_–_Don_t_Let_Our_Love_Wither【動態歌詞_English_Subs.m4a
2026-05-15T13:31:28 update: added /EtxrnalL - etxrnall - your love is my drug (8bit slowed).mp3
2026-05-15T13:31:28 update: added /NA - d4vd - Poetic Vulgarity (Official Lyric Video).mp3
2026-05-15T13:31:28 update: added /yung kai - blue.mp3
2026-05-15T13:31:28 update: added /VACATIONS - Young - Vacations (Official Lyric Video).mp3
2026-05-15T13:31:28 update: added /Ursine Vulpine - Without You.mp3
2026-05-15T13:31:28 update: added /Sword Demon Love Song Act 2 Lyrics AMV (Liliana Song) [mOnMVSKqgss].mp3
2026-05-15T13:31:28 update: added /Rocco - Rocco - hold me, never let go (Official Lyric Video).mp3
2026-05-15T13:31:28 update: added /NA - yung kai - blue (official music video).mp3
2026-05-15T13:31:28 update: added /Storytime Haven - ✨ Tales of the Supernatural： Six Romantic Stories 👻❤️.mp3
2026-05-15T13:31:28 update: added /Bryant Barnes - Universe(MP3_160K).mp3
2026-05-15T13:31:28 update: added /Rilès - JUVENILE(MP3_160K).mp3
2026-05-15T13:31:28 update: added /NA - Chezile - Beanie (Official Visualizer).mp3
2026-05-15T13:31:28 update: added /Jace June - Jace June - Come Home (Official Lyric Video).mp3
2026-05-15T13:31:28 ffmpeg/mov,mp4,m4a,3gp,3g2,mj2: Unknown cover type: 0x1.
2026-05-15T13:31:28 update: added /Sia - Snowman(M4A_128K).m4a
2026-05-15T13:31:28 update: added /EminemMusic - Eminem - Temporary (feat. Skylar Grey) [Official Audio].mp3
2026-05-15T13:31:28 update: added /OneRepublic - OneRepublic - Rescue Me.mp3
2026-05-15T13:31:28 update: added /Alf Wardhana - Rainy Days.mp3
2026-05-15T13:31:28 ffmpeg/mov,mp4,m4a,3gp,3g2,mj2: Unknown cover type: 0x1.
2026-05-15T13:31:28 update: added /YŌEN _ Dark Trap Mix(M4A_128K).m4a
2026-05-15T13:31:28 update: added /Marino - Marino ft. Kiki Wera - Crush (official lyric video).mp3
2026-05-15T13:31:28 update: added /d4vd - Poetic Vulgarity.mp3
2026-05-15T13:31:28 update: added /XXXTentacion - Revenge Lyric Video(MP3_160K).mp3
2026-05-15T13:31:28 update: added /Marino, Promoting Sounds - Im Doing Fine.mp3
2026-05-15T13:31:28 update: added /Dominic Donner - it's complicated (Dominic Donner).mp3
2026-05-15T13:31:28 update: added /armagedon_321 - Kaleo-way down we go (Audio).mp3
2026-05-15T13:31:28 ffmpeg/mov,mp4,m4a,3gp,3g2,mj2: Unknown cover type: 0x1.
2026-05-15T13:31:28 update: added /Thinking_Out_Loud_Ed_Sheeran_Boyce_Avenue_acoustic_cover_on_Spotify.m4a
2026-05-15T13:31:28 update: added /Instupendo - Instupendo - Comfort Chain.mp3
2026-05-15T13:31:28 ffmpeg/lrc: Format lrc detected only with low score of 5, misdetection possible!
2026-05-15T13:31:28 update: added /Coco & Co - i'd drink the rain.mp3
2026-05-15T13:31:28 update: added /New Medicine - Take Me Away.mp3
2026-05-15T13:31:28 update: added /reed wonder - Reed Wonder, Aurora Olivas - The Machine.mp3
2026-05-15T13:31:28 update: added /NA - Jay Xan - NOT FAIR (Official Audio).mp3
2026-05-15T13:31:28 update: added /Chris Grey - LET THE WORLD BURN (Official Lyric Video)(MP3_160K).mp3
2026-05-15T13:31:28 ffmpeg/mov,mp4,m4a,3gp,3g2,mj2: Unknown cover type: 0x1.
2026-05-15T13:31:28 update: added /I_Want_It_That_Way_Backstreet_Boys_Boyce_Avenue_acoustic_cover_on.m4a
2026-05-15T13:31:28 update: added /Gigi Perez - Sailor Song (Official Music Video)(MP3_160K).mp3
2026-05-15T13:31:28 update: added /Bruno Mars - Bruno Mars - Talking To The Moon (Official Lyric Video).mp3
2026-05-15T13:31:28 update: added /Morunas - Morunas - Autumn Days (Official Video).mp3
2026-05-15T13:31:28 update: added /CORBAL - GenriX, Shiloh Dynasty - novocaine [Official Audio].mp3
2026-05-15T13:31:28 ffmpeg/lrc: Format lrc detected only with low score of 5, misdetection possible!
2026-05-15T13:31:28 update: added /NA - Bryant Barnes - Don't Want A Love Song.mp3
2026-05-15T13:31:28 update: added /old lofi songs that feel like memories 📼.mp3
2026-05-15T13:31:28 update: added /NA - Jace June - Come Home (Official Lyric Video).mp3
2026-05-15T13:31:28 update: added /Fatal - Your Love Is My Drug  (8 - bit) Slowed +  Reverb.mp3
2026-05-15T13:31:28 update: added /Vibe Music - Charlie Puth - Attention (Lyrics).mp3
2026-05-15T13:31:28 update: added /EminemMusic - The Real Slim Shady.mp3
2026-05-15T13:31:28 update: added /Charlie Puth - Attention.mp3
2026-05-15T13:31:28 update: added /Anacrylics - WATCH ME DO MY CLIENTS NAILS 😱💅🏼.mp3
2026-05-15T13:31:28 update: added /d4vd - d4vd - You and I [Official Lyric Video].mp3
2026-05-15T13:31:28 update: added /Far From Any Road(MP3_160K).mp3
2026-05-15T13:31:28 update: added /V.I.N - Holding On (Sped Up).mp3
2026-05-15T13:31:28 update: added /LCN! - PLEASE WAIT FOR ME.mp3
2026-05-15T13:31:28 update: added /UMUSIC - UMUSIC, Draganov - 3dabi (Official Audio).mp3
2026-05-15T13:31:28 update: added /PMack - Topic - Hey Girl.mp3
2026-05-15T13:31:28 update: added /Billie Eilish - BIRDS OF A FEATHER (Official Music Video)(MP3_160K).mp3
2026-05-15T13:31:28 update: added /Cvbnre - كلمات ⧸ Lyrics ｜ طاحو عينيها فعينيا - Briya.mp3
2026-05-15T13:31:28 update: added /ZXKAI - Topic - NO BATIDÃO (Slowed).mp3
2026-05-15T13:31:28 update: added /Sufjan Stevens_ _Fourth Of July_ (Official Audio)(MP3_160K).mp3
2026-05-15T13:31:28 update: added /Alexander Rybak - Fairytale.mp3
2026-05-15T13:31:28 update: added /NA - HOTEL UGLY - SHUT UP MY MOMS CALLING (Official Music Video).mp3
2026-05-15T13:31:28 update: added /Hotel Ugly - Hotel Ugly - Action Figures Fighting (Official Audio).mp3
2026-05-15T13:31:28 update: added /NA - Mitski - My Love Mine All Mine (Official Lyric Video).mp3
2026-05-15T13:31:28 update: added /BRYANT BARNES - Bryant Barnes - Losing You (Lyric Video).mp3
2026-05-15T13:31:28 update: added /Games Music - Dark Souls III OST 1 - Main Theme.mp3
2026-05-15T13:31:28 update: added /obsession beats talent — Toji.mp3
2026-05-15T13:31:28 update: added /Sword_Demon_Love_Song_Act_2_Lyrics_AMV_Liliana_Song_mOnMVSKqgss.mp3
2026-05-15T13:31:28 update: added /d4vd - d4vd - Poetic Vulgarity (Official Audio).mp3
2026-05-15T13:31:28 update: added /LCN! - Topic - PLEASE WAIT FOR ME.mp3
2026-05-15T13:31:28 update: added /Bryant Barnes - So Low (Shiloh Cover)(MP3_160K).mp3
2026-05-15T13:31:28 update: added /MoroccanMusicLyrics - Draganov - BON COURAGE LYRICS (UnOfficial Lyrics Video).mp3
2026-05-15T13:31:28 update: added /Shiloh Dynasty - Hesitations(MP3_160K).mp3
2026-05-15T13:31:28 ffmpeg/mov,mp4,m4a,3gp,3g2,mj2: Unknown cover type: 0x1.
2026-05-15T13:31:28 update: added /Dynasty (Official Music Video) _ MIIA(M4A_128K).m4a
2026-05-15T13:31:28 ffmpeg/lrc: Format lrc detected only with low score of 5, misdetection possible!
2026-05-15T13:31:28 update: added /Mitski - Mitski - My Love Mine All Mine (Official Lyric Video).mp3
2026-05-15T13:31:28 update: added /Diego Gonzalez - Beautiful.mp3
2026-05-15T13:31:28 update: added /Ari Abdul - Ari Abdul - BABYDOLL (Lyric Video).mp3
2026-05-15T13:31:28 update: added /her(MP3_160K).mp3
2026-05-15T13:31:28 update: added /XXXTENTACION - changes(MP3_160K).mp3
2026-05-15T13:31:28 update: added /Rilès - In the Jungle (Prod. Rilès)(MP3_160K).mp3
2026-05-15T13:31:28 update: added /Bryant Barnes - Don_t Want A Love Song(MP3_160K).mp3
2026-05-15T13:31:28 update: added /TalkinToys - TalkinToys - Cold Summer (Official Audio).mp3
2026-05-15T13:31:28 update: added /Release - Topic - Hold On.mp3
2026-05-15T13:31:28 update: added /beabadoobee - Coffee.mp3
2026-05-15T13:31:28 update: added /cxerxnx - reed wonder, aurora olivas - the machine (sped up + reverb).mp3
2026-05-15T13:31:28 update: added /BRYANT BARNES - Bryant Barnes - I'd Rather Pretend.mp3
2026-05-15T13:31:28 update: added /sapientdream - Pastlives (lyrics)(MP3_160K).mp3
2026-05-15T13:31:28 update: added /Powfu - Powfu - death bed (coffee for your head) (Official Video) ft. beabadoobee.mp3
2026-05-15T13:31:28 update: added /Rilès - LONELY NIGHTS(MP3_160K).mp3
2026-05-15T13:31:28 update: added /Marino - Marino - Devil In Disguise (Official Lyric Video).mp3
2026-05-15T13:31:28 update: added /d4vd - Here With Me (Acoustic)(MP3_160K).mp3
2026-05-15T13:31:28 update: added /NA - Fran Vasilić - Hypotheticals (Official Music Video).mp3
2026-05-15T13:31:28 update: added /Alex Warren - Ordinary.mp3
2026-05-15T13:31:28 update: added /iamnotshane - Maybe My Soulmate Died.mp3
2026-05-15T13:31:28 update: added /NA - d4vd - Sleep Well [Official Music Video].mp3
2026-05-15T13:31:28 update: added /deemblur - Club cyberia - Tokyopill.mp3
2026-05-15T13:31:28 update: added /TOKYOPILL - Club Cyberia.mp3
2026-05-15T13:31:28 update: added /Alex Warren - Alex Warren - Ordinary (Official Lyric Video).mp3
2026-05-15T13:31:28 update: added /Rilès - MOONTALK(MP3_160K).mp3
2026-05-15T13:31:28 update: added /So It Was True.mp3
2026-05-15T13:31:28 update: added /Billie Eilish - No Time To Die(MP3_160K).mp3
2026-05-15T13:31:28 update: added /Bryant Barnes - Adore You(MP3_160K).mp3
2026-05-15T13:31:28 update: added /Last Leaves of Autumn - Zleepyfred (Official Lyric Video)(MP3_160K).mp3
2026-05-15T13:31:28 update: added /Lost - Yazeed Fahad(MP3_160K).mp3
2026-05-15T13:31:28 ffmpeg/mov,mp4,m4a,3gp,3g2,mj2: Unknown cover type: 0x1.
2026-05-15T13:31:28 update: added /Lil Peep _ XXXTENTACION - Falling Down(M4A_128K).m4a
2026-05-15T13:31:28 update: added /Rilès - The Heartbreak (Prod. Rilès)(MP3_160K).mp3
2026-05-15T13:31:28 ffmpeg/mov,mp4,m4a,3gp,3g2,mj2: Unknown cover type: 0x1.
2026-05-15T13:31:28 update: added /Tokyo_Ghoul_Ringtone_Unravel_Tokyo_Ghoul_OP_Ringtone_🎧_Attitude.m4a
2026-05-15T13:31:28 update: added /XXXTENTACION - Everybody Dies In Their Nightmares (Lyrics)(MP3_160K).mp3
2026-05-15T13:31:28 update: added /depressing songs for depressed people 1 hour mix ｜ Sadness Under Raining (sad music playlist).mp3
2026-05-15T13:31:28 update: added /Ridam - Love Yourself First.mp3
2026-05-15T13:31:28 update: added /MIIA - Dynasty (Official Audio) ｜ MIIA.mp3
2026-05-15T13:31:28 update: added /phendste - phendste -  i'd find you (official music video).mp3
2026-05-15T13:31:28 update: added /Ridam Khudang - Ridam 'Love Yourself First' Color Coded Lyrics (Official).mp3
2026-05-15T13:31:28 ffmpeg/lrc: Format lrc detected only with low score of 5, misdetection possible!
2026-05-15T13:31:28 update: added /Billie Eilish - Therefore I Am (Official Music Video)(MP3_160K).mp3
2026-05-15T13:31:28 ffmpeg/mov,mp4,m4a,3gp,3g2,mj2: Unknown cover type: 0x1.
2026-05-15T13:31:28 update: added /CITIZEN - LIGHT IT UP (Lyrics)(M4A_128K).m4a
2026-05-15T13:31:28 update: added /YOUMUSIC - Eminem - Without Me (Audio).mp3
2026-05-15T13:31:28 update: added /Akon - Shake Down.mp3
2026-05-15T13:31:28 update: added /Faouzia - UNETHICAL (Official Music Video)(MP3_160K).mp3
2026-05-15T13:31:28 update: added /Marino - Marino - I Can't Fit In (Official Music Video).mp3
2026-05-15T13:31:28 update: added /Sade - Smooth Operator (2011 Remastered).mp3
2026-05-15T13:31:28 update: added /stranglersofficial - Golden Brown.mp3
2026-05-15T13:31:28 update: added /JVKE - golden hour (official music video)(MP3_160K).mp3
2026-05-15T13:31:28 update: added /ISSAM - Babylone Official Audio - YouTube.mp3
2026-05-15T13:31:28 update: added /d4vd - d4vd - Sleep Well [Official Music Video].mp3
2026-05-15T13:31:28 update: added /Diego Gonzalez - Thank You For Everything (Sped Up).mp3
2026-05-15T13:31:28 update: added /Billie Eilish_ Khalid - lovely(MP3_160K).mp3
2026-05-15T13:31:28 update: added /VACATIONS - Vacations - Telephones.mp3
2026-05-15T13:31:28 update: added /JVKE - JVKE - golden hour (Official Lyric Video).mp3
2026-05-15T13:31:28 update: added /NA - Young - Vacations (Official Lyric Video).mp3
2026-05-15T13:31:28 update: added /NA - Bryant Barnes - Give Me A Sign.mp3
2026-05-15T13:31:28 update: added /NA - Hotel Ugly - Action Figures Fighting (Official Audio).mp3
2026-05-15T13:31:28 update: added /GIMS - GIMS - Est-ce que tu m'aimes ？ (Clip officiel).mp3
2026-05-15T13:31:28 update: added /XXXTENTACION - MOONLIGHT (OFFICIAL MUSIC VIDEO)(MP3_160K).mp3
2026-05-15T13:31:28 update: added /NA - The Walters -- I Love You So.mp3
2026-05-15T13:31:28 update: added /PARIS The Prince - So It Was True (Lyric Video).mp3
2026-05-15T13:31:28 update: added /NA - Jace June - Goodbye My Baby (Official Lyric Video).mp3
2026-05-15T13:31:28 update: added /ISSAM MUSIC - ISSAM - Dancefloor (Official Audio).mp3
2026-05-15T13:31:28 update: added /NIKPIG - OIIAOIIA CAT is calling NiKPIG.mp3
2026-05-15T13:31:28 update: added /Billie Eilish - Bellyache (Official Music Video)(MP3_160K).mp3
2026-05-15T13:31:28 update: added /Pinkpantheress - PinkPantheress - Pain.mp3
2026-05-15T13:31:28 update: added /Jhung - SEE ME..mp3
2026-05-15T13:31:28 update: added /Billie Eilish - everything i wanted(MP3_160K).mp3
2026-05-15T13:31:28 update: added /Fran Vasilić - Fran Vasilić - Hypotheticals (Official Music Video).mp3
2026-05-15T13:31:28 update: added /V.I.N, dray tyg - Reciprocation.mp3
2026-05-15T13:31:28 update: added /XXXTENTACION _ YE - True Love (Official Audio)(MP3_160K).mp3
2026-05-15T13:31:28 update: added /A Playlist That Feels Like a Past Life You Don’t Remember.mp3
2026-05-15T13:31:28 update: added /New Reggae Radio - Island Vibes.mp3
2026-05-15T13:31:28 update: added /Kenshi Yonezu  米津玄師 - 米津玄師  Kenshi Yonezu - IRIS OUT.mp3
2026-05-15T13:31:28 update: added /Marino - Worst Enemy.mp3
2026-05-15T13:31:28 update: added /Billie Ellish - BLUE.mp3
2026-05-15T13:31:28 update: added /NA - Jace June - The Looking Glass (Official Audio).mp3
2026-05-15T13:31:28 update: added /Arctic Monkeys - 505.mp3
2026-05-15T13:31:28 update: added /Ghetto Minds at Play - Jay Xan - I aM okay (Official Audio).mp3
2026-05-15T13:31:28 update: added /asumuh - dance partner.mp3
2026-05-15T13:31:28 update: added /antonychenn - I Made My FRIEND Rate Genshin Impact Characters....mp3
2026-05-15T13:31:28 update: added /Billie Eilish – WILDFLOWER (Live Performance from Amazon Music_s Songline)(MP3_160K).mp3
2026-05-15T13:31:28 update: added /Freya Ridings - TXMY x Freya Ridings - ‘Ethereal’ (Official Lyric Video).mp3
2026-05-15T13:31:28 update: added /killlercherry - Ashley Singh - Soul Tied.mp3
2026-05-15T13:31:28 update: added /NA - Bryant Barnes - I'd Rather Pretend.mp3
2026-05-15T13:31:28 update: added /Mac DeMarco - Chamber Of Reflection.mp3
2026-05-15T13:31:28 update: added /phendste - under the rug.mp3
2026-05-15T13:31:28 update: added /The Macarons Project - Fly Me to the Moon.mp3
2026-05-15T13:31:28 update: added /stranglersofficial - The Stranglers - Golden Brown.mp3
2026-05-15T13:31:28 update: added /Ryutqc - I'm the Shadows 2.mp3
2026-05-15T13:31:28 update: added /BRYANT BARNES - Bryant Barnes - Is This Love To You.mp3
2026-05-15T13:31:28 update: added /TKANDZ - TKANDZ - Now Or Never (heavenly audio) ｜ Official Audio.mp3
2026-05-15T13:31:28 update: added /Chezile  - Chezile - Beanie (Official Visualizer).mp3
2026-05-15T13:31:28 update: added /PARIS The Prince - Streetlights (What Did I Do？) - Official Audio.mp3
2026-05-15T13:31:28 update: added /SHUNÉ - Topic - Stay on the Edge.mp3
2026-05-15T13:31:28 update: added /old songs but it's lofi remix ~ I so sad.mp3
2026-05-15T13:31:28 update: added /Rocco - hold me, never let go.mp3
2026-05-15T13:31:28 ffmpeg/mov,mp4,m4a,3gp,3g2,mj2: Unknown cover type: 0x1.
2026-05-15T13:31:28 update: added /Careless_Whisper_George_Michael_Boyce_Avenue_acoustic_cover_on_Spotify.m4a
2026-05-15T13:31:28 update: added /Chezile - Beanie.mp3
2026-05-15T13:31:28 update: added /『COMPLEX』 ARIA 【Official Music Video】 [LInjSFT0Uks].mp3
2026-05-15T13:31:28 update: added /Pianza - Howl's Moving Castle Theme.mp3
2026-05-15T13:31:28 update: added /d4vd - You and I.mp3
2026-05-15T13:31:28 update: added /Alec Benjamin - Gotta Be a Reason.mp3
2026-05-15T13:31:28 ffmpeg/mov,mp4,m4a,3gp,3g2,mj2: Unknown cover type: 0x1.
2026-05-15T13:31:28 update: added /Måneskin- Beggin_ (lyrics_tradução)(M4A_128K).m4a
2026-05-15T13:31:28 update: added /Cherry Lu - Do you remember... THE RAIN (Lyrics).mp3
2026-05-15T13:31:28 update: added /d4vd - d4vd - There Goes My Baby (Official Lyric Video).mp3
2026-05-15T13:31:28 update: added /NA - Sir Chloe - Michelle.mp3
2026-05-15T13:31:28 update: added /Yel  - 채옐 (Yel) - About Last Night...mp3
2026-05-15T13:31:28 update: added /d4vd - You and I (Official Audio).mp3
2026-05-15T13:31:28 update: added /NA - SawanoHiroyuki[nZk]：XAI 『DARK ARIA ＜LV2＞』 Music Video.mp3
2026-05-15T13:31:28 update: added /New West - New West - Those Eyes.mp3
2026-05-15T13:31:28 update: added /The Marías - The Marías - No One Noticed (Visualizer).mp3
2026-05-15T13:31:28 update: added /Flying (Remastered)(MP3_160K).mp3
2026-05-15T13:31:28 update: added /Polar Records - grentperez, Lyn Lapid - Room For You (Lyrics).mp3
2026-05-15T13:31:28 update: added /Novacaine(MP3_160K).mp3
2026-05-15T13:31:28 update: added /NA - Bôa -  Duvet (Official Video).mp3
2026-05-15T13:31:28 update: added /NA - Sitcom - Still Life.mp3
2026-05-15T13:31:28 update: added /chiabiee, Simon Aber - wyd.mp3
2026-05-15T13:31:28 update: added /NA - Marino - Devil In Disguise (Official Lyric Video).mp3
2026-05-15T13:31:28 update: added /GAWNE - Rescue Me (Official Video).mp3
2026-05-15T13:31:28 ffmpeg/mov,mp4,m4a,3gp,3g2,mj2: Unknown cover type: 0x1.
2026-05-15T13:31:28 update: added /Tom_s_Diner_Cover_AnnenMayKantereit_x_Giant_RooksM4A_128K.m4a
2026-05-15T13:31:28 update: added /Rilès - SOUL SPEECH(MP3_160K).mp3
2026-05-15T13:31:28 update: added /EminemMusic - Love The Way You Lie.mp3
2026-05-15T13:31:28 update: added /Marino - Devil in Disguise.mp3
2026-05-15T13:31:28 update: added /Chris Grey - LIFETIME.mp3
2026-05-15T13:31:28 update: added /Tom Odell - Tom Odell - Another Love (Official Lyric Video).mp3
2026-05-15T13:31:28 update: added /HyperTunes - slxughter - envy (slowed).mp3
2026-05-15T13:31:28 update: added /EminemMusic - Lose Yourself (From ＂8 Mile＂ Soundtrack).mp3
2026-05-15T13:31:28 update: added /NUMB(MP3_160K).mp3
2026-05-15T13:31:28 update: added /Rilès - No Lie (Prod. Rilès)(MP3_160K).mp3
2026-05-15T13:31:28 update: added /NA - Marino - Im Doing Fine (Official Music Video).mp3
2026-05-15T13:31:28 update: added /EminemMusic - Eminem - Habits (feat. White Gold) [Official Audio].mp3
2026-05-15T13:31:28 update: added /BRYANT BARNES - Bryant Barnes - Don't Want A Love Song.mp3
2026-05-15T13:31:28 update: added /PRETTYMUCH - Eyes Off You.mp3
2026-05-15T13:31:28 update: added /NA - d4vd - My House Is Not A Home.mp3
2026-05-15T13:31:28 update: added /d4vd - d4vd - Romantic Homicide (Official Audio).mp3
2026-05-15T13:31:28 update: added /EKKSTACY - EKKSTACY - i walk this earth all by myself [Official Lyric Video].mp3
2026-05-15T13:31:28 update: added /NA - Rocco - l-o-v-e (Official Lyric Video).mp3
2026-05-15T13:31:28 update: added /Nomé Naku - Nomé Naku - Dunes (Official Lyric Visualizer).mp3
2026-05-15T13:31:28 update: added /Simon Samaeng - Cold.mp3
2026-05-15T13:31:28 update: added /milly - happy nation vibes - old money playlist ☕.mp3
2026-05-15T13:31:28 update: added /Bryant Barnes - I_d Rather Pretend(MP3_160K).mp3
2026-05-15T13:31:28 update: added /d4vd - Romantic Homicide (Live Version) (Official Music Video)(MP3_160K).mp3
2026-05-15T13:31:28 update: added /d4vd - d4vd - My House Is Not A Home.mp3
2026-05-15T13:31:28 update: added /Chris Grey - GIVE ME YOUR LOVE.mp3
2026-05-15T13:31:28 update: added /TalkinToys - TalkinToys - Out Of Hell (Official Audio).mp3
2026-05-15T13:31:28 update: added /Chris Grey - Chris Grey - WRONG (Official Lyric Video).mp3
2026-05-15T13:32:03 ffmpeg/lrc: Format lrc detected only with low score of 5, misdetection possible!
2026-05-15T13:32:03 ffmpeg/lrc: Format lrc detected only with low score of 5, misdetection possible!
2026-05-15T13:32:03 ffmpeg/lrc: Format lrc detected only with low score of 5, misdetection possible!
2026-05-15T13:32:03 ffmpeg/lrc: Format lrc detected only with low score of 5, misdetection possible!
2026-05-15T13:32:03 ffmpeg/lrc: Format lrc detected only with low score of 5, misdetection possible!
2026-05-15T13:32:03 ffmpeg/lrc: Format lrc detected only with low score of 5, misdetection possible!
2026-05-15T13:32:12 exception: Failed to open /home/kaede/.config/mpd/playlists: No such file or directory
2026-05-15T13:35:06 ffmpeg/lrc: Format lrc detected only with low score of 5, misdetection possible!
2026-05-15T13:35:06 ffmpeg/lrc: Format lrc detected only with low score of 5, misdetection possible!
2026-05-15T13:35:06 ffmpeg/lrc: Format lrc detected only with low score of 5, misdetection possible!
2026-05-15T13:35:06 ffmpeg/lrc: Format lrc detected only with low score of 5, misdetection possible!
2026-05-15T13:35:06 ffmpeg/lrc: Format lrc detected only with low score of 5, misdetection possible!
2026-05-15T13:35:06 ffmpeg/lrc: Format lrc detected only with low score of 5, misdetection possible!
2026-05-15T13:35:06 exception: Failed to open /home/kaede/.config/mpd/playlists: No such file or directory
2026-05-15T13:39:54 player: played "Alex Warren - Alex Warren - Eternity (Official Audio).mp3"
2026-05-15T13:43:00 player: played "Alex Warren - Alex Warren - Ordinary (Official Lyric Video).mp3"
2026-05-15T13:46:25 player: played "Alex Warren - Eternity.mp3"
2026-05-15T13:49:32 player: played "Alex Warren - Ordinary.mp3"
2026-05-15T13:51:49 player: played "Alexander Rybak - Fairytale.mp3"
2026-05-15T13:57:43 player: played "Billie Eilish - WILDFLOWER (Official Lyric Video)(MP3_160K).mp3"
2026-05-15T14:01:32 player: played "Fran Vasilić - Fran Vasilić - Hypotheticals (Official Music Video).mp3"
2026-05-15T14:05:04 player: played "Hesitations(MP3_160K).mp3"
2026-05-15T14:07:16 player: played "d4vd - d4vd - Romantic Homicide (Official Audio).mp3"
2026-05-15T14:08:52 player: played "deemblur - Club cyberia - Tokyopill.mp3"
2026-05-15T14:11:57 player: played "Carl ：Cries - Topic - Let Me Go.mp3"
2026-05-15T14:15:21 player: played "GAWNE - Rescue Me (Official Video).mp3"
2026-05-15T14:17:51 player: played "LCN! - PLEASE WAIT FOR ME.mp3"
2026-05-15T14:21:26 player: played "yung kai - yung kai - blue (official audio).mp3"
2026-05-15T14:25:34 player: played "Dominic Donner - it's complicated (Dominic Donner).mp3"
2026-05-15T14:28:38 player: played "Chris Grey - LIFETIME.mp3"
2026-05-15T14:31:53 player: played "NA - UMUSIC, Elgrandetoto - Niya (Ft. Nahir) ｜ [Official Audio].mp3"
2026-05-15T14:35:24 player: played "d4vd - d4vd - There Goes My Baby (Official Lyric Video).mp3"
2026-05-15T14:37:01 ffmpeg/mov,mp4,m4a,3gp,3g2,mj2: Unknown cover type: 0x1.
2026-05-15T14:37:43 player: played "martoven - martoven - MMM (feat. Djammal) [Prod. By KushT].mp3"
2026-05-15T14:42:17 player: played "Tom_s_Diner_Cover_AnnenMayKantereit_x_Giant_RooksM4A_128K.m4a"
2026-05-15T14:44:26 player: played "NA - Hotel Ugly - is there free breakfast here？ (Official Audio).mp3"
2026-05-15T14:47:18 player: played "Sia - Snowman.mp3"
2026-05-15T14:49:30 player: played "jiandro - Jiandro - Confess your love (Audio) ft. ola.wav.mp3"
2026-05-15T14:51:45 player: played "chiabiee, Simon Aber - wyd.mp3"
2026-05-15T14:53:30 player: played "Marino - Marino - Devil In Disguise (Official Lyric Video).mp3"
2026-05-15T14:57:58 player: played "Grenade - Bruno Mars (Boyce Avenue acoustic cover) on Spotify _ Apple(MP3_160K).mp3"
2026-05-15T15:00:14 player: played "NA - jayo - worst case scenario (Official Music Video).mp3"
2026-05-15T15:01:59 player: played "NA - Marino - Devil In Disguise (Official Lyric Video).mp3"
2026-05-15T15:05:59 player: played "NA - d4vd - My House Is Not A Home.mp3"
2026-05-15T15:10:13 player: played "Arctic Monkeys - 505.mp3"
2026-05-15T15:12:43 player: played "Rilès - JUVENILE(MP3_160K).mp3"
2026-05-15T15:15:41 player: played "Rilès - In the Jungle (Prod. Rilès)(MP3_160K).mp3"
2026-05-15T15:19:43 ffmpeg/mov,mp4,m4a,3gp,3g2,mj2: Unknown cover type: 0x1.
2026-05-15T15:20:26 player: played "UMAY SHAHAB - perayaan mati rasa.mp3"
2026-05-15T15:25:08 player: played "Kiss_From_A_Rose_Seal_Boyce_Avenue_piano_acoustic_cover_on_Spotify.m4a"
2026-05-15T15:28:35 player: played "Faouzia - Faouzia - DESERT ROSE (Official Audio).mp3"
2026-05-15T15:31:15 player: played "Rocco - Every Kind Of Way.mp3"
2026-05-15T15:34:17 player: played "V.I.N - Reciprocation.mp3"
2026-05-15T15:36:36 player: played "Bryant Barnes - Universe(MP3_160K).mp3"
2026-05-15T15:39:40 player: played "Arctic Monkeys - I Wanna Be Yours.mp3"
2026-05-15T15:45:37 player: played "NA - Jace June - Come Home (Official Lyric Video).mp3"
2026-05-15T15:50:48 player: played "NA - MGMT - Little Dark Age (Official Video).mp3"
2026-05-15T15:54:22 player: played "NA - Sir Chloe - Michelle.mp3"
2026-05-15T15:57:19 player: played "Chris Grey - Chris Grey - WRONG (Official Lyric Video).mp3"
2026-05-15T16:00:29 player: played "NA - Young - Vacations (Official Lyric Video).mp3"
2026-05-15T16:03:24 player: played "Bryant Barnes - Is This Love To You(MP3_160K).mp3"
2026-05-15T16:04:29 player: played "Nianyii - A Day in the Sun.mp3"
2026-05-15T16:08:10 player: played "yung kai - blue.mp3"
2026-05-15T16:10:10 player: played "MXZI - MXZI & DJ YUKU - WAIT FOR ME (OFFICIAL VISUALISER).mp3"
2026-05-15T16:14:07 player: played "cozruna - my flower girl..mp3"
2026-05-15T16:20:04 player: played "Flying (Remastered)(MP3_160K).mp3"
2026-05-15T16:24:03 player: played "Cherry Lu - Do you remember... THE RAIN (Lyrics).mp3"
2026-05-15T16:26:38 player: played "Last Leaves of Autumn [-KIVtP0fjEg].mp3"
2026-05-15T16:29:37 ffmpeg/mov,mp4,m4a,3gp,3g2,mj2: Unknown cover type: 0x1.
2026-05-15T16:30:16 player: played "Jace June - Jace June - Goodbye My Baby (Official Lyric Video).mp3"
2026-05-15T16:32:39 player: played "Lu_Runze_Don_t_let_love_fade_away_English_Cover_M4A_128K.m4a"
2026-05-15T16:36:14 player: played "Vevo - The Hanging Tree’ James Newton Howard ft. Jennifer Lawrence (Official Audio).mp3"
2026-05-15T16:36:20 player: played "NIKPIG - OIIAOIIA CAT is calling NiKPIG.mp3"
2026-05-15T16:39:47 player: played "stranglersofficial - Golden Brown.mp3"
2026-05-15T16:43:10 player: played "David Dean Burkhart - Sitcom - Still Life.mp3"
2026-05-15T16:47:40 player: played "Instupendo - Instupendo - Comfort Chain.mp3"
2026-05-15T16:49:30 player: played "Marino - Worst Enemy.mp3"
2026-05-15T16:53:35 player: played "Tom Odell - Tom Odell - Another Love (Official Lyric Video).mp3"
2026-05-15T16:57:16 player: played "NA - d4vd - Here With Me [Official Music Video].mp3"
2026-05-15T17:00:11 player: played "NA - Bryant Barnes - Is This Love To You.mp3"
2026-05-15T17:02:28 player: played "phendste - Do you？.mp3"
2026-05-15T17:04:23 player: played "Marino - Marino - Lust (feat. Alexandria).mp3"
2026-05-15T17:08:35 player: played "Lady Gaga - Lady Gaga, Bruno Mars - Die With A Smile (Audio).mp3"
2026-05-15T17:28:06 player: played "iamnotshane - Maybe My Soulmate Died.mp3"
2026-05-15T17:30:51 ffmpeg/mov,mp4,m4a,3gp,3g2,mj2: Unknown cover type: 0x1.
2026-05-15T17:31:29 player: played "NA - Crying City - Urn (Official Lyric Video).mp3"
2026-05-15T17:31:54 player: played "Tokyo_Ghoul_Ringtone_Unravel_Tokyo_Ghoul_OP_Ringtone_🎧_Attitude.m4a"
2026-05-15T17:35:54 player: played "d4vd - d4vd - My House Is Not A Home.mp3"
2026-05-15T17:38:56 player: played "Bryant Barnes - Bleed Me Slow (Lyric Video)(MP3_160K).mp3"
2026-05-15T17:41:31 player: played "Mulaa Joans 💫 - Members Only.mp3"
2026-05-15T17:45:09 player: played "killlercherry - Ashley Singh - Soul Tied.mp3"
2026-05-15T17:50:08 player: played "TobyMac - TobyMac - Made To Love (Lyric Video).mp3"
2026-05-15T17:52:57 player: played "Em Belhold - Numb Little Bug.mp3"
2026-05-15T17:54:05 player: played "GBP Vuitton - Topic - Where Have You Been.mp3"
2026-05-15T17:57:33 player: played "Rilès - Thank God (Prod. Rilès)(MP3_160K).mp3"
2026-05-15T17:59:18 player: played "Jamie Duffy - Jamie Duffy with Sarah Cothran - Solas (Official Lyric Video).mp3"
2026-05-16T18:45:38 exception: Failed to open /home/kaede/.config/mpd/playlists: No such file or directory
2026-05-16T18:45:39 exception: Failed to open /home/kaede/.config/mpd/playlists: No such file or directory
2026-05-16T18:58:55 player: played "💽old songs but it's lofi remix ｜ Back Hits of 1950s - 2000s💗Oldies songs lofi remix 📻Lofi Chill.mp3"
2026-05-17T13:56:10 exception: Failed to open /home/kaede/.config/mpd/playlists: No such file or directory
2026-05-17T13:56:14 ffmpeg/lrc: Format lrc detected only with low score of 5, misdetection possible!
2026-05-17T13:56:14 ffmpeg/lrc: Format lrc detected only with low score of 5, misdetection possible!
2026-05-17T13:56:14 ffmpeg/lrc: Format lrc detected only with low score of 5, misdetection possible!
2026-05-17T13:56:14 ffmpeg/lrc: Format lrc detected only with low score of 5, misdetection possible!
2026-05-17T13:56:14 ffmpeg/lrc: Format lrc detected only with low score of 5, misdetection possible!
2026-05-17T13:56:14 ffmpeg/lrc: Format lrc detected only with low score of 5, misdetection possible!
2026-05-17T13:56:16 exception: Failed to open /home/kaede/.config/mpd/playlists: No such file or directory
2026-05-17T14:03:02 exception: Failed to open /home/kaede/.config/mpd/playlists: No such file or directory
2026-05-17T14:03:06 ffmpeg/lrc: Format lrc detected only with low score of 5, misdetection possible!
2026-05-17T14:03:06 ffmpeg/lrc: Format lrc detected only with low score of 5, misdetection possible!
2026-05-17T14:03:06 ffmpeg/lrc: Format lrc detected only with low score of 5, misdetection possible!
2026-05-17T14:03:06 ffmpeg/lrc: Format lrc detected only with low score of 5, misdetection possible!
2026-05-17T14:03:06 ffmpeg/lrc: Format lrc detected only with low score of 5, misdetection possible!
2026-05-17T14:03:06 ffmpeg/lrc: Format lrc detected only with low score of 5, misdetection possible!
2026-05-17T14:03:07 ffmpeg/lrc: Format lrc detected only with low score of 5, misdetection possible!
2026-05-17T14:03:07 ffmpeg/lrc: Format lrc detected only with low score of 5, misdetection possible!
2026-05-17T14:03:07 ffmpeg/lrc: Format lrc detected only with low score of 5, misdetection possible!
2026-05-17T14:03:07 ffmpeg/lrc: Format lrc detected only with low score of 5, misdetection possible!
2026-05-17T14:03:07 ffmpeg/lrc: Format lrc detected only with low score of 5, misdetection possible!
2026-05-17T14:03:07 ffmpeg/lrc: Format lrc detected only with low score of 5, misdetection possible!
2026-05-17T14:09:33 exception: Failed to open /home/kaede/.config/mpd/playlists: No such file or directory
2026-05-17T15:13:10 player: played "Mulaa Joans 💫 - Members Only.mp3"
2026-05-17T15:14:51 player: played "XXXTENTACION _ YE - True Love (Official Audio)(MP3_160K).mp3"
2026-05-18T13:23:21 exception: Failed to open /home/kaede/.config/mpd/playlists: No such file or directory
2026-05-18T13:28:36 player: played "EminemMusic - Eminem - Habits (feat. White Gold) [Official Audio].mp3"
